CS211  50 aabcdcdaccbdaccdcdacabcdcdacdcdaccbdacabcdcdacbdac
12345678  abbcdadaccbdaccdcdacabcdadacdcdaccbdacaacdcdacbdac
21345678  abbcdadaccbdaccdcdacabcdadacdcdaccbdacaacdcdacbdca
22345677  aabcdcdaccbdaccdcdacabcdcdacdcdaccbdacabcdcdacbdac
22345678  aaaaaaaaaaaaaaaaaaaaaaaaaaaaaaaaaaaaaaaaaaaaaaaaaa
22345676  ffffffffffffffffffffffffffffffffffffffffffffffffff

