ph200  40 aabcdcdaccbdaccdcdacabcdcdacdcdaccbdacab
12345678  abbcdadaccbdaccdcdacabcdadacdcdaccbdacaa
21345678  abbcdadaccbdaccdcdacabcdadacdcdaccbdacaa
22345677  aabcdcdaccbdaccdcdacabcdcdacdcdaccbdacab
22345678  abbcdadaccbdaccdcdacabcdadacdcdaccbdacaa
22345676  abbcdadaccbdaccdcdacabcdadacdcdaccbdacca
12345671  abbcdadaccbdaccdcdacabcdadacdcdaccbdacca
21345672  abbcdadaccbdaccdcdacabcdadacdcdaccbdacda
22345673  aabcdcdaccbdaccdcdacabcdcdacdcdaccbdacab
22345674  abbcdadaccbdaccdcdacabcdadacdcdaccbdacaa
22345675  abbcdadaccbdaccdcdacabcdadacdcdaccbdacaa
21345618  abbcdadaccbdaccdcdacabcdadacdcdaccbdacaa
22345627  aabcdcdaccbdaccdcdacabcdcdacdcdaccbdacab
22345638  abbcdadaccbdaccdcdacabcdadccdcdaccbdacaa
22345646  abbcdadaccbdaccdcdacabcdadbcdcdaccbdacaa
12345651  abbcdadaccbdaccdcdacabcdaddcdcdaccbdacaa
21345662  abbcdadaccbdaccdcdacabcdadacdcdaccbdacac
22145678  abbcdadaccbdaccdcdacabcdadacdcdaccbdacad
22245676  abbcdadaccbdaccdcdacabcdadccdcdaccbdacab
12345671  abbcdadaccbdaccdcdacabcdadbcdcdaccbdacad
21445672  abbcdadaccbdaccdcdacabcdaddcdcdaccbdacac
22545673  aabcdcdaccbdaccdcdacabcdcdacdcdaccbdacab
22645674  abbcdadaccbdaccdcdacabcdadacdcdaccbdacaa
22745675  abbcdadaccbdaccdcdacabcdadacdcdaccbdacaa
21845618  abbcdadaccbdaccdcdacabcdadacdcdaccbdacad
22945627  aabcdcdaccbdaccdcdacabcdcdacdcdaccbdacac
22305676  abbcdadaccbdaccdcdacabcdadacdcdaccbdacab
12315671  abbcdadaccbdaccdcdacabcdadacdcdaccbdacac
21325672  abbcdadaccbdaccdcdacabcdadacdcdaccbdacab
22335673  aabcdcdaccbdaccdcdacabcdcdacdcdaccbdacab
22345674  abbcdadaccbdaccdcdacabcdadacdcdaccbdacaa
22355675  abbcdadaccbdaccdcdacabcdadacdcdaccbdacac
21365618  abbcdadaccbdaccdcdacabcdadacdcdaccbdacaa
22375627  aabcdcdaccbdaccdcdacabcdcdacdcdaccbdacab
22385638  abbcdadaccbdaccdcdacabcdadacdcdaccbdacaa
22395646  abccdadaccbdaccdcdacabcdadacdcdaccbdacaa
12340651  adbcdadaccbdaccdcdacabcdadacdcdaccbdacad
21341662  abbcdadaccbdaccdcdacabcdadacdcdaccbdacaa
22145278  abbcdadaccbdaccdcdacabcdadacdcdaccbdacab
22245376  abbcdadaccbdaccdcdacabcdadacdcdaccbdacaa
12345471  abbcdadaccbdaccdcdacabcdadacdcdaccbdacac
21445572  abbcdadaccbdaccdcdacabcdadacdcdaccbdaccc
21345662  abbcdadaccbdaccdcdacabcdadacdcdaccbdacbb
22145678  abbcdadaccbdaccdcdacabcdadacdcdaccbdacbc
22245676  abbcdadaccbdaccdcdacabcdadacdcdaccbdacaa
12345671  abbcdadaccbdaccdcdacabcdadacdcdaccbdacaa
21445672  abbcdadaccbdaccdcdacabcdadacdcdaccbdacaa
22545673  aabcdcdaccbdaccdcdacabcdcdacdcdaccbdacab
22645674  abbcdadaccbdaccdcdacabcdadacdcdaccbdacaa
22745615  abbcdadaccbdaccdcdacabcdadacdcdaccbdacaa
21845608  aabcdcdaccbdaccdcdacabcdcdacdcdaccbdacab
22945697  aabdccdaccbdaccdcdacabcdcdacdcdaccbdacab
22305686  abbcdadaccbdaccdcdacabcdadacdcdaccbdacaa
12315671  abbcdadaccbdaccdcdacabcdadacdcdaccbdacdb
21325662  abbcdadaccbdaccdcdacabcdadacdcdaccbdacaa
22335653  aabcdcdaccbdaccdcdacabcdcdacdcdaccbdacab
22345644  abbcdadaccbdaccdcdacabcdadacdcdaccbdacbd
22355635  abbcdadaccbdaccdcdacabcdadacdcdaccbdacaa
21365628  aaacacdaccbdaccdcdacabcdcdacdcdaccbdacab
22375027  aabcdcdaccbdaccdcdacabcdcdacdcdaccbdacab
22385038  dddddddddddddddddddddddddddddddddddddddd
22395046  cccccccccccccccccccccccccccccccccccccccc
12340051  bbbbbbbbbbbbbbbbbbbbbbbbbbbbbbbbbbbbbbbb
21341062  aaaaaaaaaaaaaaaaaaaaaaaaaaaaaaaaaaaaaaaa
22145078  ffffffffffffffffffffffffffffffffffffffff


